// Jest Snapshot v1, https://goo.gl/fbAQLP

exports[`<InlineSkeleton /> 1`] = `
<DocumentFragment>
  <span>
    <span
      class="skeleton max-w-full"
    >
      â€Œ
    </span>
  </span>
</DocumentFragment>
`;
