// Jest Snapshot v1, https://goo.gl/fbAQLP

exports[`<MenuCursor /> tests should fall back to skeletons 1`] = `
<DocumentFragment>
  <span>
    <span
      class="skeleton max-w-full"
      style="width: 6em;"
    >
      â€Œ
    </span>
  </span>
</DocumentFragment>
`;
